type: '<token:number-literal>', location: '1:1', range: '0:1'value: '0', base: '10', suffix: '0', width: '-1'
type: '<trivia:end-of-line>', leading: false, location: '1:2', range: '1:1'
type: '.', location: '2:1', range: '2:1'
type: '<token:number-literal>', location: '2:2', range: '3:4'value: '2137', base: '10', suffix: '0', width: '-1'
type: '<trivia:end-of-line>', leading: false, location: '2:6', range: '7:1'
type: '<token:number-literal>', location: '3:1', range: '8:3'value: '3.3', base: '10', suffix: '0', width: '-1'
type: '.', location: '3:4', range: '11:1'
type: '<trivia:end-of-line>', leading: false, location: '3:5', range: '12:1'
type: '<token:number-literal>', location: '4:1', range: '13:3'value: '3.3', base: '10', suffix: '0', width: '-1'
type: '.', location: '4:4', range: '16:1'
type: '<token:number-literal>', location: '4:5', range: '17:1'value: '3', base: '10', suffix: '0', width: '-1'
type: '<trivia:end-of-line>', leading: false, location: '4:6', range: '18:1'
type: '<token:number-literal>', location: '5:1', range: '19:3'value: '3.3', base: '10', suffix: '0', width: '-1'
type: '.', location: '5:4', range: '22:1'
type: '<token:number-literal>', location: '5:5', range: '23:1'value: '3', base: '10', suffix: '0', width: '-1'
type: '.', location: '5:6', range: '24:1'
type: '<trivia:end-of-line>', leading: false, location: '5:7', range: '25:1'
type: '<token:number-literal>', location: '6:1', range: '26:3'value: '3.3', base: '10', suffix: '0', width: '-1'
type: '.', location: '6:4', range: '29:1'
type: '<token:number-literal>', location: '6:5', range: '30:3'value: '3.3', base: '10', suffix: '0', width: '-1'
type: '<trivia:end-of-line>', leading: false, location: '6:8', range: '33:1'
type: '<token:identifier>', location: '7:1', range: '34:2', value: '_0'
type: '.', location: '7:3', range: '36:1'
type: '<token:number-literal>', location: '7:4', range: '37:1'value: '3', base: '10', suffix: '0', width: '-1'
type: '<trivia:end-of-line>', leading: false, location: '7:5', range: '38:1'
type: '<token:number-literal>', location: '8:1', range: '39:1'value: '3', base: '10', suffix: '0', width: '-1'
type: '.', location: '8:2', range: '40:1'
type: '<token:identifier>', location: '8:3', range: '41:1', value: 'G'
type: '<trivia:end-of-line>', leading: false, location: '8:4', range: '42:1'
type: '<token:number-literal>', location: '9:1', range: '43:6'value: '0.2137', base: '10', suffix: '0', width: '-1'
type: '<trivia:end-of-line>', leading: false, location: '9:7', range: '49:1'
type: '<token:number-literal>', location: '10:1', range: '50:1'value: '0', base: '10', suffix: '0', width: '-1'
type: '.', location: '10:2', range: '51:1'
type: '<trivia:end-of-line>', leading: false, location: '10:3', range: '52:1'
type: '<token:number-literal>', location: '11:1', range: '53:2'value: '9', base: '10', suffix: '0', width: '-1'
type: '<trivia:end-of-line>', leading: false, location: '11:3', range: '55:1'
type: '<token:number-literal>', location: '12:1', range: '56:1'value: '0', base: '10', suffix: '0', width: '-1'
type: '.', location: '12:2', range: '57:1'
type: '<token:identifier>', location: '12:3', range: '58:1', value: '_'
type: '<trivia:end-of-line>', leading: false, location: '12:4', range: '59:1'
type: '<token:number-literal>', location: '13:1', range: '60:1'value: '0', base: '10', suffix: '0', width: '-1'
type: '.', location: '13:2', range: '61:1'
type: '<token:identifier>', location: '13:3', range: '62:2', value: '_3'
type: '<trivia:end-of-line>', leading: false, location: '13:5', range: '64:1'
type: '<token:number-literal>', location: '14:1', range: '65:1'value: '0', base: '10', suffix: '0', width: '-1'
type: '.', location: '14:2', range: '66:1'
type: '<token:identifier>', location: '14:3', range: '67:3', value: '_3_'
type: '<trivia:end-of-line>', leading: false, location: '14:6', range: '70:1'
type: '<token:number-literal>', location: '15:1', range: '71:1'value: '0', base: '10', suffix: '0', width: '-1'
type: '.', location: '15:2', range: '72:1'
type: '<token:identifier>', location: '15:3', range: '73:4', value: '_3_e'
type: '<trivia:end-of-line>', leading: false, location: '15:7', range: '77:1'
type: '<token:number-literal>', location: '16:1', range: '78:1'value: '0', base: '10', suffix: '0', width: '-1'
type: '.', location: '16:2', range: '79:1'
type: '<token:identifier>', location: '16:3', range: '80:6', value: '_3_e10'
type: '<trivia:end-of-line>', leading: false, location: '16:9', range: '86:1'
type: '<token:number-literal>', location: '17:1', range: '87:1'value: '0', base: '10', suffix: '0', width: '-1'
type: '.', location: '17:2', range: '88:1'
type: '<token:identifier>', location: '17:3', range: '89:10', value: '_3_e10_f32'
type: '<trivia:end-of-line>', leading: false, location: '17:13', range: '99:1'
type: '<token:number-literal>', location: '18:1', range: '100:4'value: '0.3', base: '10', suffix: '0', width: '-1'
type: '<trivia:end-of-line>', leading: false, location: '18:5', range: '104:1'
type: '<token:number-literal>', location: '19:1', range: '105:6'value: '0.3', base: '10', suffix: '0', width: '-1'
type: '<trivia:end-of-line>', leading: false, location: '19:7', range: '111:1'
type: '<token:number-literal>', location: '20:1', range: '112:6'value: '0.3', base: '10', suffix: '0', width: '-1'
type: '<trivia:whitespace>', leading: false, location: '20:7', range: '118:1'
type: 'struct', location: '20:8', range: '119:6'
type: '<trivia:end-of-line>', leading: false, location: '20:14', range: '125:1'
type: '<token:number-literal>', location: '21:1', range: '126:8'value: '0.3e10', base: '10', suffix: '0', width: '-1'
type: '<trivia:end-of-line>', leading: false, location: '21:9', range: '134:1'
type: '<token:number-literal>', location: '22:1', range: '135:11'value: '0.3e10', base: '10', suffix: '1', width: '32'
type: '<trivia:end-of-line>', leading: false, location: '22:12', range: '146:1'
type: '<token:number-literal>', location: '23:1', range: '147:4'value: '0e10', base: '10', suffix: '0', width: '-1'
type: '<trivia:end-of-line>', leading: false, location: '23:5', range: '151:1'
type: '<token:number-literal>', location: '24:1', range: '152:4'value: '1e10', base: '10', suffix: '0', width: '-1'
type: '<trivia:end-of-line>', leading: false, location: '24:5', range: '156:1'
type: '<token:number-literal>', location: '25:1', range: '157:5'value: '1e+10', base: '10', suffix: '0', width: '-1'
type: '<trivia:end-of-line>', leading: false, location: '25:6', range: '162:1'
type: '<token:number-literal>', location: '26:1', range: '163:5'value: '1e-10', base: '10', suffix: '0', width: '-1'
type: '<trivia:end-of-line>', leading: false, location: '26:6', range: '168:1'
type: '<token:number-literal>', location: '27:1', range: '169:9'value: '1p-10', base: '16', suffix: '0', width: '-1'
type: '<trivia:end-of-line>', leading: false, location: '27:10', range: '178:1'
type: '<token:number-literal>', location: '28:1', range: '179:4'value: '10', base: '10', suffix: '0', width: '-1'
type: '+', location: '28:5', range: '183:1'
type: '<token:identifier>', location: '28:6', range: '184:7', value: '_10_f32'
type: '<trivia:end-of-line>', leading: false, location: '28:13', range: '191:1'
type: '<token:number-literal>', location: '29:1', range: '192:11'value: '10e+10', base: '10', suffix: '1', width: '32'
type: '<trivia:end-of-line>', leading: false, location: '29:12', range: '203:1'
type: '<token:number-literal>', location: '30:1', range: '204:12'value: '10e+10', base: '10', suffix: '1', width: '32'
type: '<trivia:end-of-line>', leading: false, location: '30:13', range: '216:1'
type: '<token:number-literal>', location: '31:1', range: '217:9'value: '10', base: '10', suffix: '1', width: '32'
type: '<trivia:end-of-line>', leading: false, location: '31:10', range: '226:1'
type: '<token:number-literal>', location: '32:1', range: '227:6'value: '10', base: '10', suffix: '4', width: '-1'
type: '<trivia:end-of-line>', leading: false, location: '32:7', range: '233:1'
type: '<token:number-literal>', location: '33:1', range: '234:8'value: '10.0', base: '10', suffix: '1', width: '-1'
type: '<trivia:end-of-line>', leading: false, location: '33:9', range: '242:1'
type: '<token:number-literal>', location: '34:1', range: '243:7'value: '10', base: '2', suffix: '1', width: '32'
type: '<trivia:end-of-line>', leading: false, location: '34:8', range: '250:1'
type: '<token:number-literal>', location: '35:1', range: '251:9'value: '10.0', base: '2', suffix: '1', width: '32'
type: '<trivia:end-of-line>', leading: false, location: '35:10', range: '260:1'
type: '<token:number-literal>', location: '36:1', range: '261:45'value: '999340282366920938463463374607431768211455999', base: '10', suffix: '0', width: '-1'
type: '<trivia:end-of-line>', leading: false, location: '36:46', range: '306:1'
type: '<token:number-literal>', location: '37:1', range: '307:58'value: '9900000000000000000000000000999999999999999999999999999999', base: '10', suffix: '0', width: '-1'
type: '<trivia:end-of-line>', leading: false, location: '37:59', range: '365:1'
type: '<token:number-literal>', location: '38:1', range: '366:131'value: '111111111111111111111111111111111111111111111111111111111111111111111111111111111111111111111111111111111111111111111111111111110', base: '2', suffix: '0', width: '-1'
type: '<trivia:end-of-line>', leading: false, location: '38:132', range: '497:1'
type: '<token:number-literal>', location: '39:1', range: '498:46'value: '37777777777777777777777777777777777777777770', base: '8', suffix: '0', width: '-1'
type: '<trivia:end-of-line>', leading: false, location: '39:47', range: '544:1'
type: '<token:number-literal>', location: '40:1', range: '545:35'value: 'ffffffffffffffffffffffffffffffff0', base: '16', suffix: '0', width: '-1'
type: '<trivia:end-of-line>', leading: false, location: '40:36', range: '580:1'
type: '<token:number-literal>', location: '41:1', range: '581:5'value: '121', base: '2', suffix: '0', width: '-1'
type: '<trivia:end-of-line>', leading: false, location: '41:6', range: '586:1'
type: '<token:number-literal>', location: '42:1', range: '587:10'value: '1010301', base: '2', suffix: '0', width: '-1'
type: '<trivia:end-of-line>', leading: false, location: '42:11', range: '597:1'
type: '<token:number-literal>', location: '43:1', range: '598:4'value: '30', base: '2', suffix: '0', width: '-1'
type: '<trivia:end-of-line>', leading: false, location: '43:5', range: '602:1'
type: '<token:number-literal>', location: '44:1', range: '603:4'value: '41', base: '2', suffix: '0', width: '-1'
type: '<trivia:end-of-line>', leading: false, location: '44:5', range: '607:1'
type: '<token:number-literal>', location: '45:1', range: '608:3'value: '5', base: '2', suffix: '0', width: '-1'
type: '<trivia:end-of-line>', leading: false, location: '45:4', range: '611:1'
type: '<token:number-literal>', location: '46:1', range: '612:3'value: '6', base: '2', suffix: '0', width: '-1'
type: '<trivia:end-of-line>', leading: false, location: '46:4', range: '615:1'
type: '<token:number-literal>', location: '47:1', range: '616:3'value: '7', base: '2', suffix: '0', width: '-1'
type: '<trivia:end-of-line>', leading: false, location: '47:4', range: '619:1'
type: '<token:number-literal>', location: '48:1', range: '620:3'value: '8', base: '2', suffix: '0', width: '-1'
type: '<trivia:end-of-line>', leading: false, location: '48:4', range: '623:1'
type: '<token:number-literal>', location: '49:1', range: '624:3'value: '9', base: '2', suffix: '0', width: '-1'
type: '<trivia:end-of-line>', leading: false, location: '49:4', range: '627:1'
type: '<token:number-literal>', location: '50:1', range: '628:5'value: '1.0', base: '8', suffix: '0', width: '-1'
type: '<trivia:end-of-line>', leading: false, location: '50:6', range: '633:1'
type: '<token:number-literal>', location: '51:1', range: '634:6'value: '2', base: '8', suffix: '1', width: '32'
type: '<trivia:end-of-line>', leading: false, location: '51:7', range: '640:1'
type: '<token:number-literal>', location: '52:1', range: '641:8'value: '3.0', base: '8', suffix: '1', width: '32'
type: '<trivia:end-of-line>', leading: false, location: '52:9', range: '649:1'
type: '.', location: '53:1', range: '650:3'
type: '<token:number-literal>', location: '53:4', range: '653:4'value: '3', base: '10', suffix: '1', width: '32'
type: '<trivia:end-of-line>', leading: false, location: '53:8', range: '657:1'
type: '<token:number-literal>', location: '54:1', range: '658:7'value: 'e3f32', base: '16', suffix: '0', width: '-1'
type: '<trivia:end-of-line>', leading: false, location: '54:8', range: '665:1'
type: '<token:number-literal>', location: '55:1', range: '666:5'value: '44', base: '8', suffix: '0', width: '-1'
type: '<trivia:end-of-line>', leading: false, location: '55:6', range: '671:1'
type: '<token:number-literal>', location: '56:1', range: '672:7'value: '5.05', base: '8', suffix: '0', width: '-1'
type: '<trivia:end-of-line>', leading: false, location: '56:8', range: '679:1'
type: '<token:number-literal>', location: '57:1', range: '680:8'value: '66', base: '8', suffix: '1', width: '32'
type: '<trivia:end-of-line>', leading: false, location: '57:9', range: '688:1'
type: '<token:number-literal>', location: '58:1', range: '689:10'value: '7.07', base: '8', suffix: '1', width: '64'
type: '<trivia:end-of-line>', leading: false, location: '58:11', range: '699:1'
type: '<token:number-literal>', location: '59:1', range: '700:6'value: '8.0e', base: '16', suffix: '0', width: '-1'
type: '+', location: '59:7', range: '706:1'
type: '<token:number-literal>', location: '59:8', range: '707:1'value: '9', base: '10', suffix: '0', width: '-1'
type: '<trivia:end-of-line>', leading: false, location: '59:9', range: '708:1'
type: '<token:number-literal>', location: '60:1', range: '709:6'value: '9.0e', base: '16', suffix: '0', width: '-1'
type: '-', location: '60:7', range: '715:1'
type: '<token:number-literal>', location: '60:8', range: '716:1'value: '9', base: '10', suffix: '0', width: '-1'
type: '<trivia:end-of-line>', leading: false, location: '60:9', range: '717:1'
type: '<token:number-literal>', location: '61:1', range: '718:2'value: '', base: '8', suffix: '0', width: '-1'
type: '<trivia:end-of-line>', leading: false, location: '61:3', range: '720:1'
type: '<token:number-literal>', location: '62:1', range: '721:3'value: '1', base: '10', suffix: '0', width: '-1'
type: '<trivia:end-of-line>', leading: false, location: '62:4', range: '724:1'
type: '<token:number-literal>', location: '63:1', range: '725:4'value: '1e+2', base: '10', suffix: '0', width: '-1'
type: '<trivia:end-of-line>', leading: false, location: '63:5', range: '729:1'
type: '<token:number-literal>', location: '64:1', range: '730:7'value: '539.0', base: '16', suffix: '0', width: '-1'
type: '<trivia:end-of-line>', leading: false, location: '64:8', range: '737:1'
type: '<token:number-literal>', location: '65:1', range: '738:2'value: '', base: '16', suffix: '0', width: '-1'
type: '<trivia:end-of-line>', leading: false, location: '65:3', range: '740:1'
type: '<token:number-literal>', location: '66:1', range: '741:5'value: '', base: '16', suffix: '4', width: '32'
type: '<trivia:end-of-line>', leading: false, location: '66:6', range: '746:1'
type: '<token:number-literal>', location: '67:1', range: '747:5'value: '', base: '8', suffix: '4', width: '32'
type: '<trivia:end-of-line>', leading: false, location: '67:6', range: '752:1'
type: '<token:number-literal>', location: '68:1', range: '753:5'value: '', base: '2', suffix: '4', width: '32'
type: '<trivia:end-of-line>', leading: false, location: '68:6', range: '758:1'
type: '<token:number-literal>', location: '69:1', range: '759:2'value: '', base: '2', suffix: '0', width: '-1'
type: '<trivia:end-of-line>', leading: false, location: '69:3', range: '761:1'
type: '<token:number-literal>', location: '70:1', range: '762:8'value: '123', base: '8', suffix: '1', width: '64'
type: '<trivia:end-of-line>', leading: false, location: '70:9', range: '770:1'
type: '<token:number-literal>', location: '71:1', range: '771:9'value: '123.456', base: '8', suffix: '0', width: '-1'
type: '<trivia:end-of-line>', leading: false, location: '71:10', range: '780:1'
type: '<token:number-literal>', location: '72:1', range: '781:8'value: '101', base: '2', suffix: '1', width: '64'
type: '<trivia:end-of-line>', leading: false, location: '72:9', range: '789:1'
type: '<token:number-literal>', location: '73:1', range: '790:9'value: '111.101', base: '2', suffix: '0', width: '-1'
type: '<trivia:end-of-line>', leading: false, location: '73:10', range: '799:1'
type: '<token:number-literal>', location: '74:1', range: '800:4'value: '18', base: '8', suffix: '0', width: '-1'
type: '<trivia:end-of-line>', leading: false, location: '74:5', range: '804:1'
type: '<token:number-literal>', location: '75:1', range: '805:13'value: '123495670', base: '8', suffix: '0', width: '-1'
type: '<trivia:end-of-line>', leading: false, location: '75:14', range: '818:1'
type: '<token:number-literal>', location: '76:1', range: '819:7'value: '123', base: '10', suffix: '0', width: '-1'
type: '<trivia:end-of-line>', leading: false, location: '76:8', range: '826:1'
type: '<token:number-literal>', location: '77:1', range: '827:7'value: '456', base: '10', suffix: '0', width: '-1'
type: '<trivia:end-of-line>', leading: false, location: '77:8', range: '834:1'
type: '<token:number-literal>', location: '78:1', range: '835:7'value: '789', base: '10', suffix: '0', width: '-1'
type: '<trivia:end-of-line>', leading: false, location: '78:8', range: '842:1'
type: '<token:number-literal>', location: '79:1', range: '843:4'value: '', base: '16', suffix: '0', width: '-1'
type: '<trivia:end-of-line>', leading: false, location: '79:5', range: '847:1'
type: '<token:number-literal>', location: '80:1', range: '848:4'value: '', base: '8', suffix: '0', width: '-1'
type: '<trivia:end-of-line>', leading: false, location: '80:5', range: '852:1'
type: '<token:number-literal>', location: '81:1', range: '853:4'value: '', base: '2', suffix: '0', width: '-1'
type: '<trivia:end-of-line>', leading: false, location: '81:5', range: '857:1'
type: '<token:number-literal>', location: '82:1', range: '858:8'value: 'ABCDEF', base: '16', suffix: '0', width: '-1'
type: '<trivia:end-of-line>', leading: false, location: '82:9', range: '866:1'
type: '<token:number-literal>', location: '83:1', range: '867:5'value: '755', base: '8', suffix: '0', width: '-1'
type: '<trivia:end-of-line>', leading: false, location: '83:6', range: '872:1'
type: '<token:number-literal>', location: '84:1', range: '873:10'value: '10101010', base: '2', suffix: '0', width: '-1'
type: '<trivia:end-of-line>', leading: false, location: '84:11', range: '883:1'
type: '<token:number-literal>', location: '85:1', range: '884:9'value: 'ABCDEF', base: '16', suffix: '0', width: '-1'
type: '<trivia:end-of-line>', leading: false, location: '85:10', range: '893:1'
type: '<token:number-literal>', location: '86:1', range: '894:6'value: '755', base: '8', suffix: '0', width: '-1'
type: '<trivia:end-of-line>', leading: false, location: '86:7', range: '900:1'
type: '<token:number-literal>', location: '87:1', range: '901:11'value: '10101010', base: '2', suffix: '0', width: '-1'
type: '<trivia:end-of-line>', leading: false, location: '87:12', range: '912:1'
type: '<token:number-literal>', location: '88:1', range: '913:13'value: 'ABCDEF', base: '16', suffix: '4', width: '64'
type: '<trivia:end-of-line>', leading: false, location: '88:14', range: '926:1'
type: '<token:number-literal>', location: '89:1', range: '927:10'value: '755', base: '8', suffix: '4', width: '32'
type: '<trivia:end-of-line>', leading: false, location: '89:11', range: '937:1'
type: '<token:number-literal>', location: '90:1', range: '938:14'value: '10101010', base: '2', suffix: '4', width: '8'
type: '<trivia:end-of-line>', leading: false, location: '90:15', range: '952:1'
type: '<token:number-literal>', location: '91:1', range: '953:11'value: 'ABCDEF', base: '16', suffix: '4', width: '64'
type: '<trivia:end-of-line>', leading: false, location: '91:12', range: '964:1'
type: '<token:number-literal>', location: '92:1', range: '965:8'value: '755', base: '8', suffix: '4', width: '32'
type: '<trivia:end-of-line>', leading: false, location: '92:9', range: '973:1'
type: '<token:number-literal>', location: '93:1', range: '974:12'value: '10101010', base: '2', suffix: '4', width: '8'
type: '<trivia:end-of-line>', leading: false, location: '93:13', range: '986:1'
type: '<token:number-literal>', location: '94:1', range: '987:11'value: 'ABCDEFf64', base: '16', suffix: '0', width: '-1'
type: '<trivia:end-of-line>', leading: false, location: '94:12', range: '998:1'
type: '<token:number-literal>', location: '95:1', range: '999:11'value: 'ABCDEFf64', base: '16', suffix: '0', width: '-1'
type: '<trivia:end-of-line>', leading: false, location: '95:12', range: '1010:1'
type: '<token:number-literal>', location: '96:1', range: '1011:8'value: '1.0e7', base: '10', suffix: '1', width: '64'
type: '<trivia:end-of-line>', leading: false, location: '96:9', range: '1019:1'
type: '<token:number-literal>', location: '97:1', range: '1020:10'value: 'ffffffff', base: '16', suffix: '0', width: '-1'
type: '<trivia:end-of-line>', leading: false, location: '97:11', range: '1030:1'
type: '<token:number-literal>', location: '98:1', range: '1031:10'value: '4294967295', base: '10', suffix: '0', width: '-1'
type: '<trivia:end-of-line>', leading: false, location: '98:11', range: '1041:1'
type: '<token:number-literal>', location: '99:1', range: '1042:18'value: 'ffffffffffffffff', base: '16', suffix: '0', width: '-1'
type: '<trivia:end-of-line>', leading: false, location: '99:19', range: '1060:1'
type: '<token:number-literal>', location: '100:1', range: '1061:20'value: '18446744073709551615', base: '10', suffix: '0', width: '-1'
type: '<trivia:end-of-line>', leading: false, location: '100:21', range: '1081:1'
type: '-', location: '101:1', range: '1082:1'
type: '<token:number-literal>', location: '101:2', range: '1083:13'value: '2147483648', base: '10', suffix: '3', width: '32'
type: '<trivia:end-of-line>', leading: false, location: '101:15', range: '1096:1'
type: '-', location: '102:1', range: '1097:1'
type: '<token:number-literal>', location: '102:2', range: '1098:18'value: '3.40282356e+38', base: '10', suffix: '1', width: '32'
type: '<trivia:end-of-line>', leading: false, location: '102:20', range: '1116:1'
type: '<token:number-literal>', location: '103:1', range: '1117:18'value: '3.40282356e+38', base: '10', suffix: '1', width: '32'
type: '<trivia:end-of-line>', leading: false, location: '103:19', range: '1135:1'
type: '-', location: '104:1', range: '1136:1'
type: '<token:number-literal>', location: '104:2', range: '1137:27'value: '1.7976931348623158e+308', base: '10', suffix: '1', width: '64'
type: '<trivia:end-of-line>', leading: false, location: '104:29', range: '1164:1'
type: '<token:number-literal>', location: '105:1', range: '1165:27'value: '1.7976931348623158e+308', base: '10', suffix: '1', width: '64'
type: '<trivia:end-of-line>', leading: false, location: '105:28', range: '1192:1'
type: '<token:number-literal>', location: '106:1', range: '1193:6'value: '1111', base: '2', suffix: '0', width: '-1'
type: '<trivia:end-of-line>', leading: false, location: '106:7', range: '1199:1'
type: '<token:number-literal>', location: '107:1', range: '1200:11'value: '1111.1111', base: '2', suffix: '0', width: '-1'
type: '<trivia:end-of-line>', leading: false, location: '107:12', range: '1211:1'
type: '<token:number-literal>', location: '108:1', range: '1212:11'value: '1111+111', base: '2', suffix: '0', width: '-1'
type: '<trivia:end-of-line>', leading: false, location: '108:12', range: '1223:1'
type: '<token:number-literal>', location: '109:1', range: '1224:15'value: '1111.111+111', base: '2', suffix: '0', width: '-1'
type: '<trivia:end-of-line>', leading: false, location: '109:16', range: '1239:1'
type: '<token:number-literal>', location: '110:1', range: '1240:4'value: '1111', base: '10', suffix: '0', width: '-1'
type: '<trivia:end-of-line>', leading: false, location: '110:5', range: '1244:1'
type: '<token:number-literal>', location: '111:1', range: '1245:9'value: '1111.1111', base: '10', suffix: '0', width: '-1'
type: '<trivia:end-of-line>', leading: false, location: '111:10', range: '1254:1'
type: '<token:number-literal>', location: '112:1', range: '1255:9'value: '1111e+111', base: '10', suffix: '0', width: '-1'
type: '<trivia:end-of-line>', leading: false, location: '112:10', range: '1264:1'
type: '<token:number-literal>', location: '113:1', range: '1265:13'value: '1111.111e+111', base: '10', suffix: '0', width: '-1'
type: '<trivia:end-of-line>', leading: false, location: '113:14', range: '1278:1'
type: '<token:number-literal>', location: '114:1', range: '1279:6'value: '1111', base: '16', suffix: '0', width: '-1'
type: '<trivia:end-of-line>', leading: false, location: '114:7', range: '1285:1'
type: '<token:number-literal>', location: '115:1', range: '1286:11'value: '1111.1111', base: '16', suffix: '0', width: '-1'
type: '<trivia:end-of-line>', leading: false, location: '115:12', range: '1297:1'
type: '<token:number-literal>', location: '116:1', range: '1298:11'value: '1111p+111', base: '16', suffix: '0', width: '-1'
type: '<trivia:end-of-line>', leading: false, location: '116:12', range: '1309:1'
type: '<token:number-literal>', location: '117:1', range: '1310:15'value: '1111.111p+111', base: '16', suffix: '0', width: '-1'
type: '<trivia:end-of-line>', leading: false, location: '117:16', range: '1325:1'
type: '<token:number-literal>', location: '118:1', range: '1326:20'value: '11111111.101+101', base: '2', suffix: '0', width: '-1'
type: '<trivia:end-of-line>', leading: false, location: '118:21', range: '1346:1'
type: '<token:number-literal>', location: '119:1', range: '1347:8'value: '21.37', base: '10', suffix: '2', width: '32'
type: '<trivia:end-of-line>', leading: false, location: '119:9', range: '1355:1'
type: '<token:end-of-file>', location: '120:1', range: '1356:0'
