type: '<token:character-literal>', location: '1:1', range: '0:2'value: ''
type: '<trivia:end-of-line>', leading: false, location: '1:3', range: '2:1'
type: '<token:character-literal>', location: '2:1', range: '3:3'value: ' '
type: '<trivia:end-of-line>', leading: false, location: '2:4', range: '6:1'
type: '<token:character-literal>', location: '3:1', range: '7:6'value: '    '
type: '<trivia:end-of-line>', leading: false, location: '3:7', range: '13:1'
type: '<token:character-literal>', location: '4:1', range: '14:12'value: '          '
type: '<trivia:end-of-line>', leading: false, location: '4:13', range: '26:1'
type: '<token:character-literal>', location: '5:1', range: '27:6'value: 'üòÇ'
type: '<trivia:end-of-line>', leading: false, location: '5:7', range: '33:1'
type: '<token:character-literal>', location: '6:1', range: '34:8'value: '‚ù§Ô∏è'
type: '<trivia:end-of-line>', leading: false, location: '6:9', range: '42:1'
type: '<token:character-literal>', location: '7:1', range: '43:6'value: 'üåç'
type: '<trivia:end-of-line>', leading: false, location: '7:7', range: '49:1'
type: '<token:character-literal>', location: '8:1', range: '50:7'value: ''
type: '<trivia:end-of-line>', leading: false, location: '8:8', range: '57:1'
type: '<token:character-literal>', location: '9:1', range: '58:8'value: ''
type: '<trivia:end-of-line>', leading: false, location: '9:9', range: '66:1'
type: '<token:character-literal>', location: '10:1', range: '67:9'value: 'ƒ£'
type: '<trivia:end-of-line>', leading: false, location: '10:10', range: '76:1'
type: '<token:character-literal>', location: '11:1', range: '77:10'value: '·à¥'
type: '<trivia:end-of-line>', leading: false, location: '11:11', range: '87:1'
type: '<token:character-literal>', location: '12:1', range: '88:11'value: 'íçÖ'
type: '<trivia:end-of-line>', leading: false, location: '12:12', range: '99:1'
type: '<token:character-literal>', location: '13:1', range: '100:12'value: ''
type: '<trivia:end-of-line>', leading: false, location: '13:13', range: '112:1'
type: '<token:character-literal>', location: '14:1', range: '113:13'value: 'u{1234567}'
type: '<trivia:end-of-line>', leading: false, location: '14:14', range: '126:1'
type: '<token:character-literal>', location: '15:1', range: '127:14'value: 'u{12345678}'
type: '<trivia:end-of-line>', leading: false, location: '15:15', range: '141:1'
type: '<token:character-literal>', location: '16:1', range: '142:6'value: 'u1}'
type: '<trivia:end-of-line>', leading: false, location: '16:7', range: '148:1'
type: '<token:character-literal>', location: '17:1', range: '149:7'value: 'u12}'
type: '<trivia:end-of-line>', leading: false, location: '17:8', range: '156:1'
type: '<token:character-literal>', location: '18:1', range: '157:8'value: 'u123}'
type: '<trivia:end-of-line>', leading: false, location: '18:9', range: '165:1'
type: '<token:character-literal>', location: '19:1', range: '166:9'value: 'u1234}'
type: '<trivia:end-of-line>', leading: false, location: '19:10', range: '175:1'
type: '<token:character-literal>', location: '20:1', range: '176:10'value: 'u12345}'
type: '<trivia:end-of-line>', leading: false, location: '20:11', range: '186:1'
type: '<token:character-literal>', location: '21:1', range: '187:11'value: 'u123456}'
type: '<trivia:end-of-line>', leading: false, location: '21:12', range: '198:1'
type: '<token:character-literal>', location: '22:1', range: '199:12'value: 'u1234567}'
type: '<trivia:end-of-line>', leading: false, location: '22:13', range: '211:1'
type: '<token:character-literal>', location: '23:1', range: '212:13'value: 'u12345678}'
type: '<trivia:end-of-line>', leading: false, location: '23:14', range: '225:1'
type: '<token:character-literal>', location: '24:1', range: '226:6'value: 'u{1'
type: '<trivia:end-of-line>', leading: false, location: '24:7', range: '232:1'
type: '<token:character-literal>', location: '25:1', range: '233:7'value: 'u{12'
type: '<trivia:end-of-line>', leading: false, location: '25:8', range: '240:1'
type: '<token:character-literal>', location: '26:1', range: '241:8'value: 'u{123'
type: '<trivia:end-of-line>', leading: false, location: '26:9', range: '249:1'
type: '<token:character-literal>', location: '27:1', range: '250:9'value: 'u{1234'
type: '<trivia:end-of-line>', leading: false, location: '27:10', range: '259:1'
type: '<token:character-literal>', location: '28:1', range: '260:10'value: 'u{12345'
type: '<trivia:end-of-line>', leading: false, location: '28:11', range: '270:1'
type: '<token:character-literal>', location: '29:1', range: '271:11'value: 'u{123456'
type: '<trivia:end-of-line>', leading: false, location: '29:12', range: '282:1'
type: '<token:character-literal>', location: '30:1', range: '283:12'value: 'u{1234567'
type: '<trivia:end-of-line>', leading: false, location: '30:13', range: '295:1'
type: '<token:character-literal>', location: '31:1', range: '296:13'value: 'u{12345678'
type: '<trivia:end-of-line>', leading: false, location: '31:14', range: '309:1'
type: '<token:character-literal>', location: '32:1', range: '310:5'value: 'u1'
type: '<trivia:end-of-line>', leading: false, location: '32:6', range: '315:1'
type: '<token:character-literal>', location: '33:1', range: '316:6'value: 'u12'
type: '<trivia:end-of-line>', leading: false, location: '33:7', range: '322:1'
type: '<token:character-literal>', location: '34:1', range: '323:7'value: 'u123'
type: '<trivia:end-of-line>', leading: false, location: '34:8', range: '330:1'
type: '<token:character-literal>', location: '35:1', range: '331:8'value: 'u1234'
type: '<trivia:end-of-line>', leading: false, location: '35:9', range: '339:1'
type: '<token:character-literal>', location: '36:1', range: '340:9'value: 'u12345'
type: '<trivia:end-of-line>', leading: false, location: '36:10', range: '349:1'
type: '<token:character-literal>', location: '37:1', range: '350:10'value: 'u123456'
type: '<trivia:end-of-line>', leading: false, location: '37:11', range: '360:1'
type: '<token:character-literal>', location: '38:1', range: '361:11'value: 'u1234567'
type: '<trivia:end-of-line>', leading: false, location: '38:12', range: '372:1'
type: '<token:character-literal>', location: '39:1', range: '373:12'value: 'u12345678'
type: '<trivia:end-of-line>', leading: false, location: '39:13', range: '385:1'
type: '<token:string-literal>', location: '40:1', range: '386:2'value: ''
type: '<trivia:end-of-line>', leading: false, location: '40:3', range: '388:1'
type: '<token:string-literal>', location: '41:1', range: '389:3'value: ' '
type: '<trivia:end-of-line>', leading: false, location: '41:4', range: '392:1'
type: '<token:string-literal>', location: '42:1', range: '393:4'value: '	'
type: '<trivia:end-of-line>', leading: false, location: '42:5', range: '397:1'
type: '<token:string-literal>', location: '43:1', range: '398:6'value: '

'
type: '<trivia:end-of-line>', leading: false, location: '43:7', range: '404:1'
type: '<token:string-literal>', location: '44:1', range: '405:4'value: '
'
type: '<trivia:end-of-line>', leading: false, location: '44:5', range: '409:1'
type: '<token:string-literal>', location: '45:1', range: '410:3'value: ''
type: '<trivia:end-of-line>', leading: false, location: '45:4', range: '413:1'
type: '<token:string-literal>', location: '46:1', range: '414:5'value: ''
type: '<trivia:end-of-line>', leading: false, location: '46:6', range: '419:1'
type: '<token:string-literal>', location: '47:1', range: '420:7'value: ''
type: '<trivia:end-of-line>', leading: false, location: '47:8', range: '427:1'
type: '<token:string-literal>', location: '48:1', range: '428:20'value: '>>r#"test"#<<'
type: '<trivia:end-of-line>', leading: false, location: '48:21', range: '448:1'
type: '<token:string-literal>', location: '49:1', range: '449:40'value: 'here's a long string"# "# "##; '
type: '<trivia:end-of-line>', leading: false, location: '49:41', range: '489:1'
type: '<token:string-literal>', location: '50:1', range: '490:9'value: 'abc'
type: '<trivia:end-of-line>', leading: false, location: '50:10', range: '499:1'
type: '<token:string-literal>', location: '51:1', range: '500:8'value: 'abc'
type: '<trivia:end-of-line>', leading: false, location: '51:9', range: '508:1'
type: '<token:string-literal>', location: '52:1', range: '509:16'value: 'abc"#
r#"'
type: '<trivia:end-of-line>', leading: false, location: '53:7', range: '525:1'
type: '<token:string-literal>', location: '54:1', range: '526:9'value: '
'
type: '<trivia:end-of-line>', leading: false, location: '55:6', range: '535:1'
type: '<token:string-literal>', location: '56:1', range: '536:5'value: ''
type: '<trivia:end-of-line>', leading: false, location: '56:6', range: '541:1'
type: '<token:string-literal>', location: '57:1', range: '542:39'value: ' string literal goes on
and on


r'
type: '<trivia:end-of-line>', leading: false, location: '61:4', range: '581:1'
type: '<token:identifier>', location: '62:1', range: '582:1', value: 'r'
